Microchip MPLAB XC8 Compiler V2.32

Linker command line:

-W-3 --edf=C:\Program Files\Microchip\xc8\v2.32\pic\dat\en_msgs.txt -cn \
  -h+dist/default/debug\projeto_cofre.X.debug.sym \
  --cmf=dist/default/debug\projeto_cofre.X.debug.cmf -z -Q18F4520 \
  -oC:\Users\carlo\AppData\Local\Temp\xcAs8fs.4 --defsym=__MPLAB_BUILD=1 \
  -Mdist/default/debug/projeto_cofre.X.debug.map -E1 -ver=XC8 Compiler \
  --acfsm=1493 -ASTACK=0FDh-05FFh -pstack=STACK -ACODE=00h-07FFFh \
  -ACONST=00h-07FFFh -ASMALLCONST=0600h-06FFhx122 \
  -AMEDIUMCONST=0600h-07FFFh -ACOMRAM=01h-07Fh -AABS1=00h-05FFh \
  -ABIGRAM=01h-05FFh -ARAM=080h-0FFh,0100h-01FFhx5 -ABANK0=080h-0FFh \
  -ABANK1=0100h-01FFh -ABANK2=0200h-02FFh -ABANK3=0300h-03FFh \
  -ABANK4=0400h-04FFh -ABANK5=0500h-05FFh -ASFR=0F80h-0FFFh \
  -ACONFIG=0300000h-030000Dh -AIDLOC=0200000h-0200007h \
  -AEEDATA=0F00000h-0F000FFh -peeprom_data=EEDATA \
  -preset_vec=00h,intcode,intcodelo,powerup,init -pramtop=0600h \
  -psmallconst=SMALLCONST -pmediumconst=MEDIUMCONST -pconst=CONST \
  -AFARRAM=00h-00h \
  -prdata=COMRAM,nvrram=COMRAM,nvbit=COMRAM,rbss=COMRAM,rbit=COMRAM \
  -pfarbss=FARRAM,fardata=FARRAM,nvFARRAM=FARRAM \
  -pintsave_regs=BIGRAM,bigbss=BIGRAM,bigdata=BIGRAM -pbss=RAM \
  -pidata=CODE,irdata=CODE,ibigdata=CODE,ifardata=CODE -prparam=COMRAM \
  C:\Users\carlo\AppData\Local\Temp\xcAs8fs.o \
  dist/default/debug\projeto_cofre.X.debug.o 

Object code version is 3.11

Machine type is 18F4520



                Name                               Link     Load   Length Selector   Space Scale
C:\Users\carlo\AppData\Local\Temp\xcAs8fs.o
                idloc                            200000   200000        8        0       5
                config                           300000   300000        E        0       4
                init                                  0        0        4        0       0
dist/default/debug\projeto_cofre.X.debug.o
                idloc                            200000   200000        8        0       5
                config                           300000   300000        E        0       4
                mediumconst                        7E2A     7E2A      1D6     3F15       0
                text35                             5C14     5C14       22     2E0A       0
                text34                             5D32     5D32       40     2E99       0
                text33                             5CCA     5CCA       32     2E65       0
                text32                             5B68     5B68       12     2DB4       0
                text31                             5B7A     5B7A       12     2DBD       0
                text30                             5BDE     5BDE       18     2DEF       0
                text29                             5C36     5C36       24     2E1B       0
                text28                             5FAA     5FAA       76     2FD5       0
                text27                             5C7E     5C7E       26     2E3F       0
                text26                             6268     6268       A8     3134       0
                text25                             5EDA     5EDA       68     2F6D       0
                text24                             6020     6020       78     3010       0
                text23                             5B9E     5B9E       14     2DCF       0
                text22                             5D72     5D72       48     2EB9       0
                text21                             5B8C     5B8C       12     2DC6       0
                text20                             61CA     61CA       9E     30E5       0
                text19                             5BB2     5BB2       16     2DD9       0
                text18                             5CFC     5CFC       36     2E7E       0
                text17                             6576     6576       E4     32BB       0
                text16                             5E74     5E74       66     2F3A       0
                text15                             5BC8     5BC8       16     2DE4       0
                text14                             6A84     6A84      2DC     3542       0
                text13                             5C5A     5C5A       24     2E2D       0
                text12                             5F42     5F42       68     2FA1       0
                text11                             5B44     5B44        A     2DA2       0
                text10                             6098     6098       96     304C       0
                text9                              64A2     64A2       D4     3251       0
                text8                              665A     665A      15C     332D       0
                text7                              5E16     5E16       5E     2F0B       0
                text6                              5CA4     5CA4       26     2E52       0
                text5                              612E     612E       9C     3097       0
                text4                              5B5A     5B5A        E     2DAD       0
                text3                              63D2     63D2       D0     31E9       0
                text2                              6310     6310       C2     3188       0
                text1                              67B6     67B6      2CE     33DB       0
                text0                              6D60     6D60     10CA     36B0       0
                cstackCOMRAM                          1        1       33        1       1
                cstackBANK0                          80       80       6F       80       1
                dataBANK0                            EF       EF        C       80       1
                bssBANK0                             FB       FB        2       80       1
                dataCOMRAM                           61       61       1D        1       1
                bssCOMRAM                            34       34       2D        1       1
                cinit                              5DBA     5DBA       5C     2EDD       0
                nvCOMRAM                             7E       7E        2        1       1
                idataBANK0                         5B4E     5B4E        C     5B4E       0
                idataCOMRAM                        5BF7     5BF7       1D     5BF7       0

TOTAL           Name                               Link     Load   Length     Space
        CLASS   STACK          

        CLASS   CODE           
                init                                  0        0        4         0
                text35                             5C14     5C14       22         0
                text34                             5D32     5D32       40         0
                text33                             5CCA     5CCA       32         0
                text32                             5B68     5B68       12         0
                text31                             5B7A     5B7A       12         0
                text30                             5BDE     5BDE       18         0
                text29                             5C36     5C36       24         0
                text28                             5FAA     5FAA       76         0
                text27                             5C7E     5C7E       26         0
                text26                             6268     6268       A8         0
                text25                             5EDA     5EDA       68         0
                text24                             6020     6020       78         0
                text23                             5B9E     5B9E       14         0
                text22                             5D72     5D72       48         0
                text21                             5B8C     5B8C       12         0
                text20                             61CA     61CA       9E         0
                text19                             5BB2     5BB2       16         0
                text18                             5CFC     5CFC       36         0
                text17                             6576     6576       E4         0
                text16                             5E74     5E74       66         0
                text15                             5BC8     5BC8       16         0
                text14                             6A84     6A84      2DC         0
                text13                             5C5A     5C5A       24         0
                text12                             5F42     5F42       68         0
                text11                             5B44     5B44        A         0
                text10                             6098     6098       96         0
                text9                              64A2     64A2       D4         0
                text8                              665A     665A      15C         0
                text7                              5E16     5E16       5E         0
                text6                              5CA4     5CA4       26         0
                text5                              612E     612E       9C         0
                text4                              5B5A     5B5A        E         0
                text3                              63D2     63D2       D0         0
                text2                              6310     6310       C2         0
                text1                              67B6     67B6      2CE         0
                text0                              6D60     6D60     10CA         0
                cinit                              5DBA     5DBA       5C         0
                idataBANK0                         5B4E     5B4E        C         0
                idataCOMRAM                        5BF7     5BF7       1D         0

        CLASS   CONST          

        CLASS   SMALLCONST     

        CLASS   MEDIUMCONST    
                mediumconst                        7E2A     7E2A      1D6         0

        CLASS   COMRAM         
                cstackCOMRAM                          1        1       33         1
                dataCOMRAM                           61       61       1D         1
                bssCOMRAM                            34       34       2D         1
                nvCOMRAM                             7E       7E        2         1

        CLASS   ABS1           

        CLASS   BIGRAM         

        CLASS   RAM            

        CLASS   BANK0          
                cstackBANK0                          80       80       6F         1
                dataBANK0                            EF       EF        C         1
                bssBANK0                             FB       FB        2         1

        CLASS   BANK1          

        CLASS   BANK2          

        CLASS   BANK3          

        CLASS   BANK4          

        CLASS   BANK5          

        CLASS   SFR            

        CLASS   CONFIG         
                config                           300000   300000        E         4

        CLASS   IDLOC          
                idloc                            200000   200000        8         5

        CLASS   EEDATA         

        CLASS   FARRAM         



SEGMENTS        Name                           Load    Length   Top    Selector   Space  Class

                reset_vec                      000000  000004  000004         0       0  CODE    
                cstackCOMRAM                   000001  00007F  000080         1       1  COMRAM  
                cstackBANK0                    000080  00007D  0000FD        80       1  BANK0   
                text11                         005B44  00000A  005B4E      2DA2       0  CODE    
                idataBANK0                     005B4E  00000C  005B5A      5B4E       0  CODE    
                text4                          005B5A  00000E  005B68      2DAD       0  CODE    
                text32                         005B68  000012  005B7A      2DB4       0  CODE    
                text31                         005B7A  000012  005B8C      2DBD       0  CODE    
                text21                         005B8C  000012  005B9E      2DC6       0  CODE    
                text23                         005B9E  000014  005BB2      2DCF       0  CODE    
                text19                         005BB2  000016  005BC8      2DD9       0  CODE    
                text15                         005BC8  000016  005BDE      2DE4       0  CODE    
                text30                         005BDE  000018  005BF6      2DEF       0  CODE    
                idataCOMRAM                    005BF7  00001D  005C14      5BF7       0  CODE    
                text35                         005C14  000022  005C36      2E0A       0  CODE    
                text29                         005C36  000024  005C5A      2E1B       0  CODE    
                text13                         005C5A  000024  005C7E      2E2D       0  CODE    
                text27                         005C7E  000026  005CA4      2E3F       0  CODE    
                text6                          005CA4  000026  005CCA      2E52       0  CODE    
                text33                         005CCA  000032  005CFC      2E65       0  CODE    
                text18                         005CFC  000036  005D32      2E7E       0  CODE    
                text34                         005D32  000040  005D72      2E99       0  CODE    
                text22                         005D72  000048  005DBA      2EB9       0  CODE    
                cinit                          005DBA  00005C  005E16      2EDD       0  CODE    
                text7                          005E16  00005E  005E74      2F0B       0  CODE    
                text16                         005E74  000066  005EDA      2F3A       0  CODE    
                text25                         005EDA  000068  005F42      2F6D       0  CODE    
                text12                         005F42  000068  005FAA      2FA1       0  CODE    
                text28                         005FAA  000076  006020      2FD5       0  CODE    
                text24                         006020  000078  006098      3010       0  CODE    
                text10                         006098  000096  00612E      304C       0  CODE    
                text5                          00612E  00009C  0061CA      3097       0  CODE    
                text20                         0061CA  00009E  006268      30E5       0  CODE    
                text26                         006268  0000A8  006310      3134       0  CODE    
                text2                          006310  0000C2  0063D2      3188       0  CODE    
                text3                          0063D2  0000D0  0064A2      31E9       0  CODE    
                text9                          0064A2  0000D4  006576      3251       0  CODE    
                text17                         006576  0000E4  00665A      32BB       0  CODE    
                text8                          00665A  00015C  0067B6      332D       0  CODE    
                text1                          0067B6  0002CE  006A84      33DB       0  CODE    
                text14                         006A84  0002DC  006D60      3542       0  CODE    
                text0                          006D60  0010CA  007E2A      36B0       0  CODE    
                mediumconst                    007E2A  0001D6  008000      3F15       0  MEDIUMCO


UNUSED ADDRESS RANGES

        Name                Unused          Largest block    Delta
        BANK0            0000FD-0000FF                3
        BANK1            000100-0001FF              100
        BANK2            000200-0002FF              100
        BANK3            000300-0003FF              100
        BANK4            000400-0004FF              100
        BANK5            000500-0005FF              100
        BIGRAM           0000FD-0005FF              503
        CODE             000004-005B43             5B40
                         005BF6-005BF6                1
        CONST            000004-005B43             5B40
                         005BF6-005BF6                1
        EEDATA           F00000-F000FF              100
        MEDIUMCONST      000600-005B43             5544
                         005BF6-005BF6                1
        RAM              0000FD-0005FF              100
        SFR              000F80-000FFF               80
        SMALLCONST       000600-005B43              100
                         005BF6-005BF6                1
        STACK            0000FD-0005FF              503

                                  Symbol Table

?_ctoa                       cstackCOMRAM 00000F
?_printf                     cstackCOMRAM 000028
?_vfpfcnvrt                  cstackCOMRAM 000017
?_vfprintf                   cstackCOMRAM 000020
EEPROM_Read@address          cstackCOMRAM 000001
EEPROM_Read@teste            cstackCOMRAM 000002
EEPROM_Write@INTSTATUS       cstackCOMRAM 000003
EEPROM_Write@address         cstackCOMRAM 000001
EEPROM_Write@data            cstackCOMRAM 000002
ESCRITA_24C08@DADO           cstackCOMRAM 000003
ESCRITA_24C08@ENDH           cstackCOMRAM 000004
ESCRITA_24C08@ENDL           cstackCOMRAM 000002
ESCRITA_24C08@x              cstackCOMRAM 000005
I2C_LEITURA@ADRR             cstackCOMRAM 000005
I2C_LEITURA@DADO_I2C         cstackCOMRAM 000004
I2C_LEITURA@addr             cstackCOMRAM 000002
I2C_LEITURA@x                cstackCOMRAM 000003
I2C_RECEBE@x                 cstackCOMRAM 000001
I2C_TRANSMITE@DADO_I2C       cstackCOMRAM 000001
LEITURA_24C08@DADO_I2C       cstackCOMRAM 000005
LEITURA_24C08@_ENDH          cstackCOMRAM 000003
LEITURA_24C08@_ENDL          cstackCOMRAM 000002
LEITURA_24C08@x              cstackCOMRAM 000004
UART_send_string@st_pt       cstackCOMRAM 000002
_ADCON1                      (abs)        000FC1
_BAUDCONbits                 (abs)        000FB8
_EEADR                       (abs)        000FA9
_EECON1bits                  (abs)        000FA6
_EECON2                      (abs)        000FA7
_EEDATA                      (abs)        000FA8
_EEPROM_Read                 text35       005C14
_EEPROM_Write                text34       005D32
_ENDH                        dataCOMRAM   00007D
_ESCRITA_24C08               text28       005FAA
_I2C_LEITURA                 text5        00612E
_I2C_LIVRE                   text33       005CCA
_I2C_NACK                    text23       005B9E
_I2C_RECEBE                  text22       005D72
_I2C_RESTART                 text21       005B8C
_I2C_START                   text32       005B68
_I2C_STOP                    text31       005B7A
_I2C_TESTA_ACK               text30       005BDE
_I2C_TRANSMITE               text29       005C36
_INTCON2bits                 (abs)        000FF1
_INTCONbits                  (abs)        000FF2
_LEITURA_24C08               text20       0061CA
_PIR1bits                    (abs)        000F9E
_PORTBbits                   (abs)        000F81
_PORTCbits                   (abs)        000F82
_PORTD                       (abs)        000F83
_RCREG                       (abs)        000FAE
_RCSTAbits                   (abs)        000FAB
_SPBRG                       (abs)        000FAF
_SSPADD                      (abs)        000FC8
_SSPBUF                      (abs)        000FC9
_SSPCON1                     (abs)        000FC6
_SSPCON2                     (abs)        000FC5
_SSPCON2bits                 (abs)        000FC5
_SSPSTAT                     (abs)        000FC7
_SSPSTATbits                 (abs)        000FC7
_TEMP                        bssCOMRAM    000060
_TRISBbits                   (abs)        000F93
_TRISCbits                   (abs)        000F94
_TRISD                       (abs)        000F95
_TXREG                       (abs)        000FAD
_TXSTAbits                   (abs)        000FAC
_UART_send_string            text18       005CFC
__HRAM                       (abs)        000000
__Habs1                      abs1         000000
__Hbank0                     bank0        000000
__Hbank1                     bank1        000000
__Hbank2                     bank2        000000
__Hbank3                     bank3        000000
__Hbank4                     bank4        000000
__Hbank5                     bank5        000000
__Hbigbss                    bigbss       000000
__Hbigdata                   bigdata      000000
__Hbigram                    bigram       000000
__Hbss                       bss          000000
__HbssBANK0                  bssBANK0     000000
__HbssCOMRAM                 bssCOMRAM    000000
__Hcinit                     cinit        000000
__Hclrtext                   clrtext      000000
__Hcomram                    comram       000000
__Hconfig                    config       30000E
__Hconst                     const        000000
__HcstackBANK0               cstackBANK0  000000
__HcstackCOMRAM              cstackCOMRAM 000000
__Hdata                      data         000000
__HdataBANK0                 dataBANK0    000000
__HdataCOMRAM                dataCOMRAM   000000
__Heeprom_data               eeprom_data  000000
__Hfarbss                    farbss       000000
__Hfardata                   fardata      000000
__Hibigdata                  ibigdata     000000
__Hidata                     idata        000000
__HidataBANK0                idataBANK0   000000
__HidataCOMRAM               idataCOMRAM  000000
__Hidloc                     idloc        200008
__Hifardata                  ifardata     000000
__Hinit                      init         000004
__Hintcode                   intcode      000000
__Hintcode_body              intcode_body 000000
__Hintcodelo                 intcodelo    000000
__Hintentry                  intentry     000000
__Hintret                    intret       000000
__Hintsave_regs              intsave_regs 000000
__Hirdata                    irdata       000000
__Hmediumconst               mediumconst  008000
__HnvCOMRAM                  nvCOMRAM     000000
__HnvFARRAM                  nvFARRAM     000000
__Hnvbit                     nvbit        000000
__Hnvrram                    nvrram       000000
__Hparam                     rparam       000000
__Hpowerup                   powerup      000000
__Hram                       ram          000000
__Hramtop                    ramtop       000600
__Hrbit                      rbit         000000
__Hrbss                      rbss         000000
__Hrdata                     rdata        000000
__Hreset_vec                 reset_vec    000000
__Hrparam                    rparam       000000
__Hsfr                       sfr          000000
__Hsmallconst                smallconst   000000
__Hspace_0                   (abs)        008000
__Hspace_1                   (abs)        0000FD
__Hspace_2                   (abs)        000000
__Hspace_4                   (abs)        60000E
__Hstack                     stack        000000
__Hstruct                    struct       000000
__Htemp                      temp         000000
__Htext                      text         000000
__Htext0                     text0        000000
__Htext1                     text1        000000
__Htext10                    text10       000000
__Htext11                    text11       000000
__Htext12                    text12       000000
__Htext13                    text13       000000
__Htext14                    text14       000000
__Htext15                    text15       000000
__Htext16                    text16       000000
__Htext17                    text17       000000
__Htext18                    text18       000000
__Htext19                    text19       000000
__Htext2                     text2        000000
__Htext20                    text20       000000
__Htext21                    text21       000000
__Htext22                    text22       000000
__Htext23                    text23       000000
__Htext24                    text24       000000
__Htext25                    text25       000000
__Htext26                    text26       000000
__Htext27                    text27       000000
__Htext28                    text28       000000
__Htext29                    text29       000000
__Htext3                     text3        000000
__Htext30                    text30       000000
__Htext31                    text31       000000
__Htext32                    text32       000000
__Htext33                    text33       000000
__Htext34                    text34       000000
__Htext35                    text35       000000
__Htext4                     text4        000000
__Htext5                     text5        000000
__Htext6                     text6        000000
__Htext7                     text7        000000
__Htext8                     text8        000000
__Htext9                     text9        000000
__LRAM                       (abs)        000001
__Labs1                      abs1         000000
__Lbank0                     bank0        000000
__Lbank1                     bank1        000000
__Lbank2                     bank2        000000
__Lbank3                     bank3        000000
__Lbank4                     bank4        000000
__Lbank5                     bank5        000000
__Lbigbss                    bigbss       000000
__Lbigdata                   bigdata      000000
__Lbigram                    bigram       000000
__Lbss                       bss          000000
__LbssBANK0                  bssBANK0     000000
__LbssCOMRAM                 bssCOMRAM    000000
__Lcinit                     cinit        000000
__Lclrtext                   clrtext      000000
__Lcomram                    comram       000000
__Lconfig                    config       000000
__Lconst                     const        000000
__LcstackBANK0               cstackBANK0  000000
__LcstackCOMRAM              cstackCOMRAM 000000
__Ldata                      data         000000
__LdataBANK0                 dataBANK0    000000
__LdataCOMRAM                dataCOMRAM   000000
__Leeprom_data               eeprom_data  000000
__Lfarbss                    farbss       000000
__Lfardata                   fardata      000000
__Libigdata                  ibigdata     000000
__Lidata                     idata        000000
__LidataBANK0                idataBANK0   000000
__LidataCOMRAM               idataCOMRAM  000000
__Lidloc                     idloc        000000
__Lifardata                  ifardata     000000
__Linit                      init         000000
__Lintcode                   intcode      000000
__Lintcode_body              intcode_body 000000
__Lintcodelo                 intcodelo    000000
__Lintentry                  intentry     000000
__Lintret                    intret       000000
__Lintsave_regs              intsave_regs 000000
__Lirdata                    irdata       000000
__Lmediumconst               mediumconst  007E2A
__LnvCOMRAM                  nvCOMRAM     000000
__LnvFARRAM                  nvFARRAM     000000
__Lnvbit                     nvbit        000000
__Lnvrram                    nvrram       000000
__Lparam                     rparam       000000
__Lpowerup                   powerup      000000
__Lram                       ram          000000
__Lramtop                    ramtop       000600
__Lrbit                      rbit         000000
__Lrbss                      rbss         000000
__Lrdata                     rdata        000000
__Lreset_vec                 reset_vec    000000
__Lrparam                    rparam       000000
__Lsfr                       sfr          000000
__Lsmallconst                smallconst   000000
__Lspace_0                   (abs)        000000
__Lspace_1                   (abs)        000000
__Lspace_2                   (abs)        000000
__Lspace_4                   (abs)        000000
__Lstack                     stack        000000
__Lstruct                    struct       000000
__Ltemp                      temp         000000
__Ltext                      text         000000
__Ltext0                     text0        000000
__Ltext1                     text1        000000
__Ltext10                    text10       000000
__Ltext11                    text11       000000
__Ltext12                    text12       000000
__Ltext13                    text13       000000
__Ltext14                    text14       000000
__Ltext15                    text15       000000
__Ltext16                    text16       000000
__Ltext17                    text17       000000
__Ltext18                    text18       000000
__Ltext19                    text19       000000
__Ltext2                     text2        000000
__Ltext20                    text20       000000
__Ltext21                    text21       000000
__Ltext22                    text22       000000
__Ltext23                    text23       000000
__Ltext24                    text24       000000
__Ltext25                    text25       000000
__Ltext26                    text26       000000
__Ltext27                    text27       000000
__Ltext28                    text28       000000
__Ltext29                    text29       000000
__Ltext3                     text3        000000
__Ltext30                    text30       000000
__Ltext31                    text31       000000
__Ltext32                    text32       000000
__Ltext33                    text33       000000
__Ltext34                    text34       000000
__Ltext35                    text35       000000
__Ltext4                     text4        000000
__Ltext5                     text5        000000
__Ltext6                     text6        000000
__Ltext7                     text7        000000
__Ltext8                     text8        000000
__Ltext9                     text9        000000
__S0                         (abs)        008000
__S1                         (abs)        0000FD
__S2                         (abs)        000000
__S4                         (abs)        000000
__S5                         (abs)        000000
___inthi_sp                  stack        000000
___intlo_sp                  stack        000000
___param_bank                (abs)        000000
___rparam_used               (abs)        000001
___sp                        stack        000000
__accesstop                  (abs)        000080
__activetblptr               (abs)        000002
__end_of_EEPROM_Read         text35       005C36
__end_of_EEPROM_Write        text34       005D72
__end_of_ESCRITA_24C08       text28       006020
__end_of_I2C_LEITURA         text5        0061CA
__end_of_I2C_LIVRE           text33       005CFC
__end_of_I2C_NACK            text23       005BB2
__end_of_I2C_RECEBE          text22       005DBA
__end_of_I2C_RESTART         text21       005B9E
__end_of_I2C_START           text32       005B7A
__end_of_I2C_STOP            text31       005B8C
__end_of_I2C_TESTA_ACK       text30       005BF6
__end_of_I2C_TRANSMITE       text29       005C5A
__end_of_LEITURA_24C08       text20       006268
__end_of_UART_send_string    text18       005D32
__end_of__initialization     cinit        005E0C
__end_of_ctoa                text9        006576
__end_of_fputc               text10       00612E
__end_of_gotoXY              text24       006098
__end_of_inicia_log          text17       00665A
__end_of_initLCD             text16       005EDA
__end_of_initUART            text15       005BDE
__end_of_main                text0        007E2A
__end_of_pega_tecla          text13       005C7E
__end_of_printf              text6        005CCA
__end_of_pulseE              text27       005CA4
__end_of_putch               text11       005B4E
__end_of_read_Date           text3        0064A2
__end_of_read_Hour           text2        0063D2
__end_of_read_Register       text4        005B68
__end_of_sendCMD             text25       005F42
__end_of_sendChar            text19       005BC8
__end_of_sendData            text12       005FAA
__end_of_verifica_linha_col  text14       006D60
__end_of_verifica_senha      text1        006A84
__end_of_vfpfcnvrt           text8        0067B6
__end_of_vfprintf            text7        005E74
__end_of_waitIdle            text26       006310
__initialization             cinit        005DBA
__mediumconst                mediumconst  007E2A
__pbssBANK0                  bssBANK0     0000FB
__pbssCOMRAM                 bssCOMRAM    000034
__pcinit                     cinit        005DBA
__pcstackBANK0               cstackBANK0  000080
__pcstackCOMRAM              cstackCOMRAM 000001
__pdataBANK0                 dataBANK0    0000EF
__pdataCOMRAM                dataCOMRAM   000061
__pidataBANK0                idataBANK0   005B4E
__pidataCOMRAM               idataCOMRAM  005BF7
__pmediumconst               mediumconst  007E2A
__pnvCOMRAM                  nvCOMRAM     00007E
__ptext0                     text0        006D60
__ptext1                     text1        0067B6
__ptext10                    text10       006098
__ptext11                    text11       005B44
__ptext12                    text12       005F42
__ptext13                    text13       005C5A
__ptext14                    text14       006A84
__ptext15                    text15       005BC8
__ptext16                    text16       005E74
__ptext17                    text17       006576
__ptext18                    text18       005CFC
__ptext19                    text19       005BB2
__ptext2                     text2        006310
__ptext20                    text20       0061CA
__ptext21                    text21       005B8C
__ptext22                    text22       005D72
__ptext23                    text23       005B9E
__ptext24                    text24       006020
__ptext25                    text25       005EDA
__ptext26                    text26       006268
__ptext27                    text27       005C7E
__ptext28                    text28       005FAA
__ptext29                    text29       005C36
__ptext3                     text3        0063D2
__ptext30                    text30       005BDE
__ptext31                    text31       005B7A
__ptext32                    text32       005B68
__ptext33                    text33       005CCA
__ptext34                    text34       005D32
__ptext35                    text35       005C14
__ptext4                     text4        005B5A
__ptext5                     text5        00612E
__ptext6                     text6        005CA4
__ptext7                     text7        005E16
__ptext8                     text8        00665A
__ptext9                     text9        0064A2
__ramtop                     ramtop       000600
__size_of_EEPROM_Read        (abs)        000000
__size_of_EEPROM_Write       (abs)        000000
__size_of_ESCRITA_24C08      (abs)        000000
__size_of_I2C_LEITURA        (abs)        000000
__size_of_I2C_LIVRE          (abs)        000000
__size_of_I2C_NACK           (abs)        000000
__size_of_I2C_RECEBE         (abs)        000000
__size_of_I2C_RESTART        (abs)        000000
__size_of_I2C_START          (abs)        000000
__size_of_I2C_STOP           (abs)        000000
__size_of_I2C_TESTA_ACK      (abs)        000000
__size_of_I2C_TRANSMITE      (abs)        000000
__size_of_LEITURA_24C08      (abs)        000000
__size_of_UART_send_string   (abs)        000000
__size_of_ctoa               (abs)        000000
__size_of_fputc              (abs)        000000
__size_of_gotoXY             (abs)        000000
__size_of_inicia_log         (abs)        000000
__size_of_initLCD            (abs)        000000
__size_of_initUART           (abs)        000000
__size_of_main               (abs)        000000
__size_of_pega_tecla         (abs)        000000
__size_of_printf             (abs)        000000
__size_of_pulseE             (abs)        000000
__size_of_putch              (abs)        000000
__size_of_read_Date          (abs)        000000
__size_of_read_Hour          (abs)        000000
__size_of_read_Register      (abs)        000000
__size_of_sendCMD            (abs)        000000
__size_of_sendChar           (abs)        000000
__size_of_sendData           (abs)        000000
__size_of_verifica_linha_col (abs)        000000
__size_of_verifica_senha     (abs)        000000
__size_of_vfpfcnvrt          (abs)        000000
__size_of_vfprintf           (abs)        000000
__size_of_waitIdle           (abs)        000000
__smallconst                 smallconst   000000
_a                           bssCOMRAM    00005F
_b                           bssCOMRAM    00005E
_c                           bssCOMRAM    00005D
_ctoa                        text9        0064A2
_d                           bssCOMRAM    00005C
_flags                       bssCOMRAM    00005A
_fputc                       text10       006098
_gotoXY                      text24       006020
_inicia_log                  text17       006576
_initLCD                     text16       005E74
_initUART                    text15       005BC8
_main                        text0        006D60
_nout                        bssCOMRAM    000054
_pLCD                        nvCOMRAM     00007E
_pega_tecla                  text13       005C5A
_pos                         bssBANK0     0000FB
_prec                        bssCOMRAM    000058
_printf                      text6        005CA4
_pulseE                      text27       005C7E
_putch                       text11       005B44
_read_Date                   text3        0063D2
_read_Hour                   text2        006310
_read_Register               text4        005B5A
_sendCMD                     text25       005EDA
_sendChar                    text19       005BB2
_sendData                    text12       005F42
_verifica_linha_col          text14       006A84
_verifica_senha              text1        0067B6
_vfpfcnvrt                   text8        00665A
_vfprintf                    text7        005E16
_waitIdle                    text26       006268
_width                       bssCOMRAM    000056
ctoa@c                       cstackCOMRAM 000011
ctoa@fp                      cstackCOMRAM 00000F
ctoa@l                       cstackCOMRAM 000013
ctoa@w                       cstackCOMRAM 000015
end_of_initialization        cinit        005E0C
fputc@c                      cstackCOMRAM 000006
fputc@fp                     cstackCOMRAM 000008
gotoXY@x                     cstackCOMRAM 000006
gotoXY@y                     cstackCOMRAM 000005
inicia_log@aux2              cstackCOMRAM 00000B
inicia_log@cont              cstackCOMRAM 000006
inicia_log@i                 cstackCOMRAM 000009
intlevel0                    text         000000
intlevel1                    text         000000
intlevel2                    text         000000
intlevel3                    text         000000
isa$std                      (abs)        000001
isa$xinst                    (abs)        000000
main@F2942                   dataBANK0    0000F7
main@F2945                   dataBANK0    0000F3
main@F2947                   dataBANK0    0000EF
main@F2949                   dataCOMRAM   000079
main@F2951                   dataCOMRAM   000075
main@admin                   cstackBANK0  0000B5
main@aux                     cstackBANK0  0000A6
main@cont1                   cstackBANK0  0000DB
main@cont2                   cstackBANK0  0000EC
main@cont3                   cstackBANK0  0000EA
main@date                    cstackBANK0  00009D
main@hour                    cstackBANK0  000094
main@i                       cstackBANK0  0000E3
main@i_1016                  cstackBANK0  0000BB
main@i_1017                  cstackBANK0  0000BD
main@i_1028                  cstackBANK0  0000E5
main@i_1029                  cstackBANK0  0000C5
main@i_1052                  cstackBANK0  0000E7
main@i_1053                  cstackBANK0  0000CF
main@i_1054                  cstackBANK0  0000AB
main@i_1055                  cstackBANK0  0000D1
main@invasao                 cstackBANK0  0000A7
main@j                       cstackBANK0  0000B9
main@j_1019                  cstackBANK0  0000BF
main@j_1022                  cstackBANK0  0000C1
main@j_1025                  cstackBANK0  0000C3
main@j_1031                  cstackBANK0  0000C7
main@j_1033                  cstackBANK0  0000C9
main@j_1042                  cstackBANK0  0000CB
main@j_1048                  cstackBANK0  0000CD
main@j_1057                  cstackBANK0  0000D3
main@j_1060                  cstackBANK0  0000D5
main@log                     cstackBANK0  000080
main@posex                   cstackBANK0  0000A9
main@qtdsenhas               cstackBANK0  0000E1
main@resp                    cstackBANK0  0000E9
main@senha_admin             cstackBANK0  0000DD
main@senha_cadastro          cstackBANK0  0000D7
main@senha_excluir           cstackBANK0  0000B1
main@senha_login             cstackBANK0  0000AD
main@tecla                   cstackBANK0  0000EE
pega_tecla@tecla             cstackCOMRAM 000003
printf@ap                    cstackCOMRAM 00002C
printf@fmt                   cstackCOMRAM 000028
putch@c                      cstackCOMRAM 000005
read_Date@F2926              dataCOMRAM   000061
read_Date@date               cstackCOMRAM 000007
read_Date@i                  cstackCOMRAM 000018
read_Date@j                  cstackCOMRAM 000016
read_Date@vet                cstackCOMRAM 00000C
read_Hour@F2920              dataCOMRAM   00006B
read_Hour@hour               cstackCOMRAM 000007
read_Hour@i                  cstackCOMRAM 000018
read_Hour@j                  cstackCOMRAM 000016
read_Hour@vet                cstackCOMRAM 00000C
read_Register@ADDR           cstackCOMRAM 000006
sendCMD@dado                 cstackCOMRAM 000004
sendChar@ch                  cstackCOMRAM 000001
sendData@dado                cstackCOMRAM 000004
stackhi                      (abs)        0005FF
stacklo                      (abs)        0000FD
start                        init         000000
start_initialization         cinit        005DBA
verifica_senha@vet           cstackCOMRAM 000006
vfpfcnvrt@ap                 cstackCOMRAM 00001B
vfpfcnvrt@c                  cstackCOMRAM 00001F
vfpfcnvrt@fmt                cstackCOMRAM 000019
vfpfcnvrt@fp                 cstackCOMRAM 000017
vfprintf@ap                  cstackCOMRAM 000024
vfprintf@cfmt                cstackCOMRAM 000026
vfprintf@fmt                 cstackCOMRAM 000022
vfprintf@fp                  cstackCOMRAM 000020
waitIdle@aux                 cstackCOMRAM 000002


MODULE INFORMATION

Module		Function		Class		Link	Load	Size
C:\Program Files\Microchip\xc8\v2.32\pic\sources\c99\common\doprnt.c
		_vfpfcnvrt     		CODE           	665A	0000	348
		_ctoa          		CODE           	64A2	0000	212
		_vfprintf      		CODE           	5E16	0000	94

C:\Program Files\Microchip\xc8\v2.32\pic\sources\c99\common\doprnt.c estimated size: 654

./I2C_Master.h
		_I2C_LEITURA   		CODE           	612E	0000	156
		_I2C_LIVRE     		CODE           	5CCA	0000	50
		_I2C_TESTA_ACK 		CODE           	5BDE	0000	24
		_I2C_TRANSMITE 		CODE           	5C36	0000	36
		_I2C_STOP      		CODE           	5B7A	0000	18
		_I2C_NACK      		CODE           	5B9E	0000	20
		_I2C_START     		CODE           	5B68	0000	18
		_I2C_RECEBE    		CODE           	5D72	0000	72
		_I2C_RESTART   		CODE           	5B8C	0000	18

./I2C_Master.h estimated size: 412

./uart.h
		_initUART      		CODE           	5BC8	0000	22
		_UART_send_string		CODE           	5CFC	0000	54
		_sendChar      		CODE           	5BB2	0000	22

./uart.h estimated size: 98

shared
		__initialization		CODE           	5DBA	0000	82

shared estimated size: 82

./display.h
		_putch         		CODE           	5B44	0000	10
		_waitIdle      		CODE           	6268	0000	168
		_pulseE        		CODE           	5C7E	0000	38
		_sendCMD       		CODE           	5EDA	0000	104
		_sendData      		CODE           	5F42	0000	104
		_gotoXY        		CODE           	6020	0000	120
		_initLCD       		CODE           	5E74	0000	102

./display.h estimated size: 646

./Eeprom_comandos.h
		_EEPROM_Read   		CODE           	5C14	0000	34
		_EEPROM_Write  		CODE           	5D32	0000	64

./Eeprom_comandos.h estimated size: 98

C:\Program Files\Microchip\xc8\v2.32\pic\sources\c99\common\printf.c
		_printf        		CODE           	5CA4	0000	38

C:\Program Files\Microchip\xc8\v2.32\pic\sources\c99\common\printf.c estimated size: 38

C:\Program Files\Microchip\xc8\v2.32\pic\sources\c99\common\nf_fputc.c
		_fputc         		CODE           	6098	0000	150

C:\Program Files\Microchip\xc8\v2.32\pic\sources\c99\common\nf_fputc.c estimated size: 150

main.c
		_main          		CODE           	6D60	0000	4298
		_LEITURA_24C08 		CODE           	61CA	0000	158
		_inicia_log    		CODE           	6576	0000	228
		_read_Register 		CODE           	5B5A	0000	14
		_verifica_senha		CODE           	67B6	0000	718
		_read_Date     		CODE           	63D2	0000	208
		_read_Hour     		CODE           	6310	0000	194
		_ESCRITA_24C08 		CODE           	5FAA	0000	118
		_verifica_linha_col		CODE           	6A84	0000	732
		_pega_tecla    		CODE           	5C5A	0000	36

main.c estimated size: 6704

